air_mode	吹前窗	吹前窗
air_mode	吹头	吹面
air_mode	吹头吹脚	吹面吹脚
air_mode	吹头吹足	吹面吹脚
air_mode	吹脚	吹脚
air_mode	吹脚吹头	吹面吹脚
air_mode	吹脚吹脸	吹面吹脚
air_mode	吹脚吹面	吹面吹脚
air_mode	吹脚和吹头	吹面吹脚
air_mode	吹脚和吹脸	吹面吹脚
air_mode	吹脚和吹面	吹面吹脚
air_mode	吹脚和除霜	除霜吹脚
air_mode	吹脚除霜	除霜吹脚
air_mode	吹脸	吹面
air_mode	吹脸吹脚	吹面吹脚
air_mode	吹脸吹足	吹面吹脚
air_mode	吹足	吹脚
air_mode	吹足吹头	吹面吹脚
air_mode	吹足吹脸	吹面吹脚
air_mode	吹足吹面	吹面吹脚
air_mode	吹足和吹头	吹面吹脚
air_mode	吹足和吹脸	吹面吹脚
air_mode	吹足和吹面	吹面吹脚
air_mode	吹足和除霜	除霜吹脚
air_mode	吹足除霜	除霜吹脚
air_mode	吹面	吹面
air_mode	吹面吹脚	吹面吹脚
air_mode	吹面吹足	吹面吹脚
air_mode	自动	自动
air_mode	除霜	除霜
air_mode	除霜吹脚	除霜吹脚
air_mode	除霜吹足	除霜吹脚
air_module	内循环	内循环
air_module	冷气	制冷
air_module	制冷	制冷
air_module	制热	制热
air_module	压缩机	制冷
air_module	压缩机制冷	制冷
air_module	后窗加热	后窗加热
air_module	外循环	外循环
air_module	循环风	内循环
air_module	自动循环	自动循环
app_name	BT	蓝牙电话
app_name	CarLife	百度carlife
app_name	EQ	音效设置
app_name	USB	USB
app_name	USB的音乐	USB音乐
app_name	USB视频	USB视频
app_name	USB音乐	USB音乐
app_name	U盘	USB
app_name	U盘上的音乐	USB音乐
app_name	U盘的音乐	USB音乐
app_name	U盘里的音乐	USB音乐
app_name	ipod	ipod音乐
app_name	ipod音乐	ipod音乐
app_name	radio	收音机
app_name	setting	系统设置
app_name	settings	系统设置
app_name	wifi	wifi
app_name	主界面	主页
app_name	主页	主页
app_name	保养信息	保养信息
app_name	保养界面	保养信息
app_name	多媒体	多媒体
app_name	多媒体功能	多媒体
app_name	媒体	多媒体
app_name	收音机	收音机
app_name	无线	wifi
app_name	无线网络	wifi
app_name	氛围灯	氛围灯应用
app_name	电台	收音机
app_name	电话	蓝牙电话
app_name	百度CarLife	百度carlife
app_name	系统设置	系统设置
app_name	能量流	能量流
app_name	蓝牙电话	蓝牙电话
app_name	蓝牙音乐	蓝牙音乐
app_name	视频	USB视频
app_name	设置	系统设置
app_name	音效	音效设置
app_name	音效设置	音效设置
app_name	音量	音量应用
app_name	首页	主页
atm_light_color	橙色	橙色
atm_light_color	白色	白色
atm_light_color	红色	红色
atm_light_ref	仪表	仪表盘
atm_light_ref	仪表盘	仪表盘
atm_light_ref	全部	全部
atm_light_ref	副驾	副驾
atm_light_ref	副驾驶	副驾
atm_light_ref	所有	全部
atm_light_ref	档位	档位面板
atm_light_ref	档位面板	档位面板
atm_light_ref	车内	全部
atm_light_ref	车里	全部
atm_light_ref	车门	车门
brightness	夜晚	夜晚
brightness	明亮	白天
brightness	晚上	夜晚
brightness	普通	标准
brightness	暗	夜晚
brightness	标准	标准
brightness	正常	标准
brightness	白天	白天
brightness	较暗	黄昏
brightness	高亮	白天
brightness	黄昏	黄昏
category	24小时便利店	便利店
category	ATM	自动提款机
category	ATM机	自动提款机
category	COFFEE	咖啡馆
category	Cafe	咖啡馆
category	DISCO	歌舞厅
category	K厅	KTV
category	K歌房	KTV
category	WC	公共厕所
category	gay吧	同志吧
category	spa	洗浴中心
category	spa店	洗浴中心
category	toilet	公共厕所
category	上海菜餐厅	上海餐厅
category	上海菜餐馆	上海餐厅
category	上海菜馆	上海餐厅
category	上海酒楼	上海餐厅
category	上海餐馆	上海餐厅
category	上海饭馆	上海餐厅
category	上海馆子	上海餐厅
category	专利局	专利事务所
category	东北菜餐厅	东北餐厅
category	东北菜餐馆	东北餐厅
category	东北菜馆	东北餐厅
category	东北酒楼	东北餐厅
category	东北餐馆	东北餐厅
category	东北饭馆	东北餐厅
category	东北馆子	东北餐厅
category	东南亚菜	东南亚餐厅
category	东南亚餐馆	东南亚餐厅
category	中学	中学
category	中式快餐	中式快餐
category	中药房	中药店
category	中餐店	中餐厅
category	中餐馆	中餐厅
category	乒乓球场	乒乓球馆
category	书城	书店
category	书局	书店
category	书报亭	报亭
category	买飞机票	飞机票代售点
category	二手车交易所	二手车交易所
category	云南菜	云贵餐厅
category	云南菜餐厅	云贵餐厅
category	云南菜餐馆	云贵餐厅
category	云南菜馆	云贵餐厅
category	云南酒楼	云贵餐厅
category	云南餐厅	云贵餐厅
category	云南餐馆	云贵餐厅
category	云南饭馆	云贵餐厅
category	云南馆子	云贵餐厅
category	云贵菜	云贵餐厅
category	云贵菜餐厅	云贵餐厅
category	云贵菜餐馆	云贵餐厅
category	云贵菜馆	云贵餐厅
category	云贵酒楼	云贵餐厅
category	云贵餐馆	云贵餐厅
category	云贵饭馆	云贵餐厅
category	云贵馆子	云贵餐厅
category	五金城	五金店
category	五金市场	五金店
category	交通局	交管局
category	交通执法站	交管局
category	交通管理局	交管局
category	人才中心	人才市场
category	人渡口	港口码头
category	人社局	人力资源和社会保障局
category	人设局	人力资源和社会保障局
category	休闲会所	会所
category	会展中心	会展中心
category	会计师事务所	会计师事务所
category	会馆	会所
category	体检中心	体检中心
category	体育中心	体育馆
category	体育用品店	体育用品店
category	供电局	供电局
category	便利商店	便利店
category	便利店	便利店
category	便民商店	便利店
category	俄国菜	俄国餐厅
category	俄罗斯菜	俄国餐厅
category	保险公司	保险公司
category	保龄球馆	保龄球馆
category	停车位	停车场
category	停车场	停车场
category	健身中心	健身房
category	健身俱乐部	健身房
category	健身馆	健身房
category	儿童用品店	儿童用品店
category	充电桩	充电站
category	充电站	充电站
category	党校	党校
category	公交车站	公交站
category	公共卫生间	公共厕所
category	公厕	公共厕所
category	公园	公园
category	公墓	公墓
category	公证处	公证处
category	公证鉴定机构	公证鉴定机构
category	公路局	公路局
category	养老院	敬老院
category	兽医站	宠物诊所
category	农业厅	农业厅
category	农业展览馆	展览馆
category	农副产品市场	农副产品市场
category	农展馆	展览馆
category	出版社	出版社
category	剧场	剧院
category	剪发店	理发店
category	加气站	加油站
category	加油加气站	加油站
category	加油站	加油站
category	加油站服务区	服务区
category	动物园	动物园
category	动车票代售处	火车票代售点
category	动车票代售点	火车票代售点
category	动车票售票处	火车票代售点
category	动车票售票点	火车票代售点
category	动车票销售点	火车票代售点
category	动车站	火车站
category	动车车站	火车站
category	北京菜	北京餐厅
category	北京菜餐厅	北京餐厅
category	北京菜餐馆	北京餐厅
category	北京菜馆	北京餐厅
category	北京酒楼	北京餐厅
category	北京餐馆	北京餐厅
category	北京饭馆	北京餐厅
category	北京馆子	北京餐厅
category	医疗保健用品	医疗保健用品
category	医疗机构	医院
category	卖场	商场
category	南京菜	南京餐厅
category	南京菜餐厅	南京餐厅
category	南京菜餐馆	南京餐厅
category	南京菜馆	南京餐厅
category	南京酒楼	南京餐厅
category	南京餐馆	南京餐厅
category	南京饭馆	南京餐厅
category	南京馆子	南京餐厅
category	博物馆	博物馆
category	卡拉0K	KTV
category	卡拉OK厅	KTV
category	卫生局	卫生局
category	卫生间	公共厕所
category	卫生院	医院
category	印度菜	印度餐厅
category	印度餐馆	印度餐厅
category	厕所	公共厕所
category	县立医院	医院
category	发廊	理发店
category	取款机	自动提款机
category	取钱机	自动提款机
category	古迹	风景名胜
category	台湾菜	台湾餐厅
category	台湾菜餐厅	台湾餐厅
category	台湾菜餐馆	台湾餐厅
category	台湾菜馆	台湾餐厅
category	台湾酒楼	台湾餐厅
category	台湾餐馆	台湾餐厅
category	台湾饭馆	台湾餐厅
category	台湾馆子	台湾餐厅
category	台球	桌球馆
category	台球俱乐部	桌球馆
category	台球厅	桌球馆
category	台球室	桌球馆
category	台球房	桌球馆
category	台球馆	桌球馆
category	名胜	风景名胜
category	名胜古迹	旅游景点
category	咖啡	咖啡馆
category	咖啡园	咖啡馆
category	咖啡屋	咖啡馆
category	咖啡店	咖啡馆
category	咖啡馆	咖啡馆
category	商务会所	会所
category	商店	商场
category	商贸城	商贸城
category	商铺	商场
category	四川火锅店	火锅店
category	四川菜	川菜餐厅
category	四川菜餐厅	川菜餐厅
category	四川菜餐馆	川菜餐厅
category	四川菜馆	川菜餐厅
category	四川酒楼	川菜餐厅
category	四川餐厅	川菜餐厅
category	四川餐馆	川菜餐厅
category	四川饭馆	川菜餐厅
category	四川馆子	川菜餐厅
category	回教寺	回教寺
category	回族饭馆	清真菜馆
category	回民餐厅	清真菜馆
category	国税局	国税机关
category	国际青年旅舍	青年旅社
category	图书馆	图书馆
category	土菜馆	土菜馆
category	地中海餐厅	地中海风格菜品
category	地中海餐馆	地中海风格菜品
category	地税机关	地税机关
category	地铁	地铁站
category	垂钓园	垂钓园
category	城市广场	城市广场
category	墨西哥菜	墨西哥餐厅
category	壁球馆	壁球场
category	复印室	复印店
category	复印社	复印店
category	外国使领馆	大使馆
category	夜市	夜市
category	夜店	夜总会
category	大剧院	剧院
category	大医院	医院
category	大卖场	商场
category	大学	学校
category	大排档	大排档
category	大药房	药房
category	大酒店	酒店
category	天文馆	天文馆
category	天津菜餐厅	天津餐厅
category	天津菜餐馆	天津餐厅
category	天津菜馆	天津餐厅
category	天津酒楼	天津餐厅
category	天津餐馆	天津餐厅
category	天津饭馆	天津餐厅
category	天津馆子	天津餐厅
category	奥特莱斯	商场
category	好吃	餐厅
category	好吃	餐馆
category	好吃的	餐厅
category	好吃的	餐馆
category	好地方	旅游景点
category	好玩	旅游景点
category	好玩的	旅游景点
category	妇幼保健院	医院
category	妇联	妇联
category	娱乐会所	会所
category	婚纱照相馆	影楼
category	字画店	古玩店
category	存取一体机	自动提款机
category	存取款一体机	自动提款机
category	孤儿院	孤儿院
category	宁波菜	宁波餐厅
category	宁波菜餐厅	宁波餐厅
category	宁波菜餐馆	宁波餐厅
category	宁波菜馆	宁波餐厅
category	宁波酒楼	宁波餐厅
category	宁波餐馆	宁波餐厅
category	宁波饭馆	宁波餐厅
category	宁波馆子	宁波餐厅
category	安徽菜	安徽餐厅
category	安徽菜餐厅	安徽餐厅
category	安徽菜餐馆	安徽餐厅
category	安徽菜馆	安徽餐厅
category	安徽酒楼	安徽餐厅
category	安徽餐馆	安徽餐厅
category	安徽饭馆	安徽餐厅
category	安徽馆子	安徽餐厅
category	宠物医院	宠物诊所
category	宠物店	宠物市场
category	审计事务所	审计事务所
category	客家菜	客家餐厅
category	客家菜餐厅	客家餐厅
category	客家菜餐馆	客家餐厅
category	客家菜馆	客家餐厅
category	客家酒楼	客家餐厅
category	客家餐馆	客家餐厅
category	客家饭馆	客家餐厅
category	客家馆子	客家餐厅
category	客栈	酒店
category	客栈旅舍	客栈旅舍
category	客运站	客运港
category	室内停车场	停车场
category	室外停车场	停车场
category	家具城	家居建材市场
category	家具建材综合市场	家居建材市场
category	家居建材	家居建材市场
category	家庭旅馆	家庭旅馆
category	宾馆	酒店
category	寺	寺庙
category	寺庙	寺庙
category	寿司店	寿司店
category	射箭馆	射箭馆
category	小区	小区
category	小卖部	便利店
category	小卖铺	便利店
category	小吃	快餐厅
category	小吃一条街	美食街
category	小吃快餐	快餐厅
category	小商品市场	小商品市场
category	小学	小学
category	小店	商店
category	少年宫	少年宫
category	居委会	居民委员会
category	展馆	展览馆
category	山东菜	山东餐厅
category	山东菜餐厅	山东餐厅
category	山东菜餐馆	山东餐厅
category	山东菜馆	山东餐厅
category	山东酒楼	山东餐厅
category	山东餐馆	山东餐厅
category	山东饭馆	山东餐厅
category	山东馆子	山东餐厅
category	山西菜	山西餐厅
category	山西菜餐厅	山西餐厅
category	山西菜餐馆	山西餐厅
category	山西菜馆	山西餐厅
category	山西酒楼	山西餐厅
category	山西餐馆	山西餐厅
category	山西饭馆	山西餐厅
category	山西馆子	山西餐厅
category	川菜	川菜餐厅
category	川菜酒楼	川菜餐厅
category	川菜餐馆	川菜餐厅
category	川菜饭馆	川菜餐厅
category	川菜馆	川菜餐厅
category	川菜馆子	川菜餐厅
category	工业区	工业园
category	工商局	工商局
category	巴西烤肉	巴西餐厅
category	巴西烧烤	巴西餐厅
category	巴西菜	巴西餐厅
category	市立医院	医院
category	布艺市场	布艺市场
category	干洗店	洗衣店
category	幼稚园	幼儿园
category	广东菜	广东餐厅
category	广东菜餐厅	广东餐厅
category	广东菜餐馆	广东餐厅
category	广东菜馆	广东餐厅
category	广东酒楼	广东餐厅
category	广东餐馆	广东餐厅
category	广东饭馆	广东餐厅
category	广东馆子	广东餐厅
category	广场	广场
category	庙	寺庙
category	庙宇	寺庙
category	度假村	度假村
category	建材五金市场	五金店
category	建材市场	建材市场
category	当铺	典当行
category	影城	电影院
category	影都	电影院
category	影院	电影院
category	律师事务所	律师事务所
category	德国菜	德国菜
category	徽菜	安徽餐厅
category	快捷酒店	酒店
category	快餐	快餐厅
category	恐龙园	恐龙园
category	意大利菜	意大利餐厅
category	意大利餐	意大利餐厅
category	意大利餐馆	意大利餐厅
category	意式菜品餐厅	意大利餐厅
category	意餐	意大利餐厅
category	慈善机构	慈善机构
category	成衣批发市场	服装批发市场
category	户外用品店	户外用品店
category	户外运动	户外健身场所
category	房管局	房产管理局
category	手表店	钟表店
category	打印室	复印店
category	打印店	复印店
category	托儿所	幼儿园
category	批发城	批发城
category	批发市场	批发市场
category	折扣店	折扣店
category	报刊亭	报刊亭
category	报社	报社
category	拉面馆	面馆
category	招待所	招待所
category	按摩保健油压会所	洗浴中心
category	按摩店	洗浴中心
category	按摩房	洗浴中心
category	提款机	自动提款机
category	提钱机	自动提款机
category	摄影店	影楼
category	摄影楼	影楼
category	攀岩	攀岩馆
category	收养所	收容所
category	收留所	收容所
category	教会	教堂
category	文具商店	文具店
category	文化宫	文化宫
category	文化用品店	文具店
category	新加坡菜	新加坡餐厅
category	新加坡餐馆	新加坡餐厅
category	旅店	酒店
category	旅游专线车站	旅游专线车站
category	旅舍	酒店
category	旅行社	旅行社
category	旅馆	酒店
category	日式料理	日本餐厅
category	日式烧烤	日本餐厅
category	日式自助	日本餐厅
category	日本料理	日本餐厅
category	日本烧烤	日本餐厅
category	日本自助	日本餐厅
category	日本菜	日本餐厅
category	日本菜自助	日本餐厅
category	日本餐馆	日本餐厅
category	日用品	超市
category	早教中心	早教中心
category	早茶	茶餐厅
category	普通公交站	公交站
category	普通商场	商场
category	景区	旅游景点
category	景点	旅游景点
category	服务站	服务站
category	服装批发市场	服装批发市场
category	本帮菜	上海餐厅
category	本帮菜餐厅	上海餐厅
category	本帮菜餐馆	上海餐厅
category	本帮菜馆	上海餐厅
category	本帮酒楼	上海餐厅
category	本帮餐厅	上海餐厅
category	本帮餐馆	上海餐厅
category	本帮饭馆	上海餐厅
category	本帮馆子	上海餐厅
category	机场	飞机场
category	机票代售处	飞机票代售点
category	机票代售点	飞机票代售点
category	机票售票处	飞机票代售点
category	杂货店	便利店
category	村委会	村民委员会
category	杭帮菜	浙江餐厅
category	杭帮菜馆	浙江餐厅
category	林业局	林业局
category	柜员机	自动提款机
category	桌游吧	桌游吧
category	桌球厅	桌球馆
category	桌球室	桌球馆
category	桌球房	桌球馆
category	桑拿	洗浴中心
category	桑拿房	洗浴中心
category	档案馆	档案馆
category	检察院	检察院
category	棋牌馆	棋牌室
category	植物园	植物园
category	概念茶餐厅	茶餐厅
category	橄榄球场	橄榄球场
category	歌剧院	剧院
category	歌厅	KTV
category	残联	残联
category	民政局	民政局
category	水上活动中心	水上乐园
category	水产海鲜市场	海鲜市场
category	水吧	水吧
category	水族馆	水族馆
category	水果店	水果店
category	江浙菜	浙江餐厅
category	江浙菜餐厅	浙江餐厅
category	江浙菜餐馆	浙江餐厅
category	江浙菜馆	浙江餐厅
category	江浙酒楼	浙江餐厅
category	江浙餐厅	浙江餐厅
category	江浙餐馆	浙江餐厅
category	江浙饭馆	浙江餐厅
category	江浙馆子	浙江餐厅
category	汽车4S店	4S店
category	汽车保养店	4S店
category	汽车保险公司	保险公司
category	汽车修理厂	维修站
category	汽车总站	汽车站
category	汽车综合维修厂	维修站
category	汽车配件场	汽配城
category	沐浴足店	洗浴中心
category	法国菜	法国餐厅
category	法式大餐	法国餐厅
category	法式餐厅	法国餐厅
category	法院	法院
category	法餐	法国餐厅
category	泰国料理	越菜餐厅
category	泰国菜	越菜餐厅
category	泰国餐厅	越菜餐厅
category	泰国餐馆	越菜餐厅
category	泰式	越菜餐厅
category	泰菜	越菜餐厅
category	泰餐	越菜餐厅
category	泳池	游泳馆
category	洋快餐	快餐厅
category	洗头房	理发店
category	洗手间	公共厕所
category	洗澡堂	洗浴中心
category	洗脚店	洗浴中心
category	洗衣房	洗衣店
category	洗衣铺	洗衣店
category	洗车行	洗车场
category	派出所	公安局
category	浴室	洗浴中心
category	浴池	洗浴中心
category	海洋馆	海洋馆
category	海港	港口码头
category	海鲜酒楼	餐厅
category	淮扬菜	江苏餐厅
category	淮扬菜餐厅	江苏餐厅
category	淮扬菜餐馆	江苏餐厅
category	淮扬菜馆	江苏餐厅
category	淮扬酒楼	江苏餐厅
category	淮扬餐厅	江苏餐厅
category	淮扬餐馆	江苏餐厅
category	淮扬饭馆	江苏餐厅
category	淮扬馆子	江苏餐厅
category	清真	清真菜馆
category	清真菜	清真菜馆
category	清真餐厅	清真菜馆
category	清真餐馆	清真菜馆
category	渡口	港口码头
category	渡轮	港口码头
category	港口	港口码头
category	游乐场	游乐园
category	游泳池	游泳馆
category	湖北菜	湖北餐厅
category	湖北菜餐厅	湖北餐厅
category	湖北菜餐馆	湖北餐厅
category	湖北菜馆	湖北餐厅
category	湖北酒楼	湖北餐厅
category	湖北餐厅	湖北餐厅
category	湖北餐馆	湖北餐厅
category	湖北饭馆	湖北餐厅
category	湖北馆子	湖北餐厅
category	湖南菜	湖南餐厅
category	湖南菜餐厅	湖南餐厅
category	湖南菜餐馆	湖南餐厅
category	湖南菜馆	湖南餐厅
category	湖南酒楼	湖南餐厅
category	湖南餐厅	湖南餐厅
category	湖南餐馆	湖南餐厅
category	湖南饭馆	湖南餐厅
category	湖南馆子	湖南餐厅
category	湘菜	湖南餐厅
category	湘菜酒楼	湖南餐厅
category	湘菜餐厅	湖南餐厅
category	湘菜餐馆	湖南餐厅
category	湘菜饭馆	湖南餐厅
category	湘菜馆	湖南餐厅
category	湘菜馆子	湖南餐厅
category	溜冰场	溜冰场
category	潮州菜	潮州菜
category	潮州菜餐厅	潮州菜
category	潮州菜餐馆	潮州菜
category	潮州菜馆	潮州菜
category	潮州酒楼	潮州菜
category	潮州餐厅	潮州菜
category	潮州餐馆	潮州菜
category	潮州饭馆	潮州菜
category	潮州馆子	潮州菜
category	澡堂	洗浴中心
category	澡池	洗浴中心
category	火葬场	殡仪馆
category	火车代售点	火车票代售点
category	火车票代卖点	火车票代售点
category	火车票代售处	火车票代售点
category	火车票代购点	火车票代售点
category	火车票售票处	火车票代售点
category	火车票售票点	火车票代售点
category	火车票的代购点	火车票代售点
category	火车票订票点	火车票代售点
category	火车票订购点	火车票代售点
category	火车票购买点	火车票代售点
category	火车票购票点	火车票代售点
category	火车票销售点	火车票代售点
category	火车票预售点	火车票代售点
category	火车订票点	火车票代售点
category	火车购票点	火车票代售点
category	灯具市场	灯具市场
category	烟酒行	烟酒专卖店
category	照相馆	影楼
category	牛排馆	牛排馆
category	特色餐厅	地方风味餐厅
category	玩的	旅游景点
category	球场	篮球场
category	理发馆	理发店
category	琴行	琴行
category	瑜伽中心	瑜伽馆
category	甜品站	甜品店
category	生活购物广场	商场
category	生活馆	生活馆
category	电信局	电信局
category	电力营业厅	电力营业厅
category	电子游戏厅	游戏厅
category	电玩	游戏厅
category	电玩城	游戏厅
category	电视台	电视台
category	电话亭	公用电话亭
category	画廊	画廊
category	疗养院	疗养院
category	百货	商场
category	百货公司	商场
category	百货商场	商场
category	百货大厦	商场
category	百货大楼	商场
category	省立医院	医院
category	眼镜店	眼镜店
category	码头	港口码头
category	礼品市场	礼品市场
category	礼品店	礼品店
category	社保所	社保所
category	福建菜	福建餐厅
category	福建菜餐厅	福建餐厅
category	福建菜餐馆	福建餐厅
category	福建菜馆	福建餐厅
category	福建酒楼	福建餐厅
category	福建餐馆	福建餐厅
category	福建饭馆	福建餐厅
category	福建馆子	福建餐厅
category	私房菜	私房菜馆
category	科学馆	科技馆
category	税务局	税务局
category	篮球场	篮球场
category	篮球馆	篮球场
category	粤菜	广东餐厅
category	粤菜酒楼	广东餐厅
category	粤菜餐厅	广东餐厅
category	粤菜餐馆	广东餐厅
category	粤菜饭馆	广东餐厅
category	粤菜馆	广东餐厅
category	粤菜馆子	广东餐厅
category	素菜馆	中式素菜馆
category	素食	快餐厅
category	红十字会	红十字会
category	练歌房	KTV
category	经济型酒店	酒店
category	经济酒店	酒店
category	维修站	维修站
category	综合体育馆	体育馆
category	综合商场	商场
category	综合家电商场	家电电子卖场
category	网吧	网吧
category	网球场	网球场
category	美发店	理发店
category	美国菜	美式餐厅
category	美容店	理发店
category	美容美发店	理发店
category	美式餐厅	美式餐厅
category	美术展览	美术馆
category	美甲店	美甲店
category	美食广场	餐厅
category	羽毛球馆	羽毛球场
category	育儿所	幼儿园
category	自动取款机	自动提款机
category	自动存取款机	自动提款机
category	自动存款机	自动提款机
category	自动提款机	自动提款机
category	自动柜员机	自动提款机
category	自助取款机	自动提款机
category	自助取钱机	自动提款机
category	自助柜员机	自动提款机
category	自助银行	自动提款机
category	自来水营业厅	自来水营业厅
category	自然风光	风景名胜
category	舞厅	歌舞厅
category	舞蹈馆	舞蹈培训中心
category	舞馆	舞蹈培训中心
category	航站	飞机场
category	航站楼	机场
category	船票代售点	船票代售点
category	花園	花园
category	花市	花卉市场
category	花鱼市场	花鸟鱼虫市场
category	花鸟市场	花鸟市场
category	苏帮	江苏餐厅
category	苏帮菜	江苏餐厅
category	苏帮菜馆	江苏餐厅
category	英国式菜品餐厅	英国式菜品餐厅
category	英国餐厅	餐厅
category	茅房	公共厕所
category	茶园	茶艺馆
category	茶室	茶艺馆
category	茶庄	茶庄
category	茶楼	茶艺馆
category	茶馆	茶艺馆
category	药店	药房
category	菜场	菜市场
category	蔬菜市场	菜市场
category	街道办事处	街道办事处
category	裁缝	裁缝店
category	西北菜餐厅	西北菜
category	西北菜餐馆	西北菜
category	西北菜馆	西北菜
category	西北酒楼	西北菜
category	西北餐厅	西北菜
category	西北餐馆	西北菜
category	西北饭馆	西北菜
category	西北馆子	西北菜
category	西餐	西餐厅
category	西餐馆	西餐厅
category	警察局	公安局
category	认证事务所	认证事务所
category	证券公司	证券公司
category	证券营业所	证券营业厅
category	证券营业点	证券营业厅
category	评估事务所	评估事务所
category	诊所	医院
category	财政局	财政局
category	购物中心	商场
category	购物广场	商场
category	贵州菜	云贵餐厅
category	贵州菜餐厅	云贵餐厅
category	贵州菜餐馆	云贵餐厅
category	贵州菜馆	云贵餐厅
category	贵州酒楼	云贵餐厅
category	贵州餐厅	云贵餐厅
category	贵州餐馆	云贵餐厅
category	贵州饭馆	云贵餐厅
category	贵州馆子	云贵餐厅
category	赛马场	赛马场
category	超商	超市
category	超级市场	超市
category	越南菜	越菜餐厅
category	越南餐厅	越菜餐厅
category	越南餐馆	越菜餐厅
category	足底按摩	洗浴中心
category	足浴店	洗浴中心
category	足球场	足球场
category	足疗店	洗浴中心
category	足疗按摩	洗浴中心
category	足道	洗浴中心
category	跆拳道场馆	跆拳道场馆
category	跳蚤市场	旧货市场
category	车库	停车场
category	车渡口	港口码头
category	车管所	车辆管理机构
category	轮渡	港口码头
category	轻轨站	地铁站
category	运动场所	运动场所
category	运动户外	户外健身场所
category	连锁酒店	酒店
category	迪厅	迪厅
category	道观	寺庙
category	避难所	紧急避难场所
category	邮局	邮局
category	鄂菜	湖北餐厅
category	鄂菜酒楼	湖北餐厅
category	鄂菜餐厅	湖北餐厅
category	鄂菜餐馆	湖北餐厅
category	鄂菜饭馆	湖北餐厅
category	鄂菜馆	湖北餐厅
category	鄂菜馆子	湖北餐厅
category	酒店	酒店
category	采摘园	采摘园
category	重庆火锅店	火锅店
category	银行	银行
category	长途汽车代售点	长途汽车票代售点
category	长途汽车售票点	长途汽车票代售点
category	长途汽车票售票点	长途汽车票代售点
category	长途汽车站	汽车站
category	门诊	医院
category	闽南菜	福建餐厅
category	闽南菜餐厅	福建餐厅
category	闽南菜餐馆	福建餐厅
category	闽南菜馆	福建餐厅
category	闽南酒楼	福建餐厅
category	闽南餐厅	福建餐厅
category	闽南餐馆	福建餐厅
category	闽南饭馆	福建餐厅
category	闽南馆子	福建餐厅
category	雪场	滑雪场
category	青年旅舍	青年旅社
category	青年旅馆	青年旅社
category	青旅	青年旅社
category	静吧	慢摇吧
category	面包店	面包房
category	韩国烤肉	韩国料理
category	韩国菜	韩国料理
category	韩国餐厅	韩国料理
category	韩国餐馆	韩国料理
category	韩式料理	韩国料理
category	韩式菜	韩国料理
category	音乐厅	音乐厅
category	音像店	音像店
category	领事馆	大使馆
category	风光	风景名胜
category	风味餐厅	地方风味餐厅
category	风景区	旅游景点
category	飞机售票处	飞机票代售点
category	飞机场	机场
category	飞机票代售处	飞机票代售点
category	飞机票售票点	飞机票代售点
category	食品商店	超市
category	餐厅	餐厅
category	餐馆	餐厅
category	饭馆	餐厅
category	香菜	湖南餐厅
category	香辣馆	湖南餐厅
category	驾校	驾校
category	驾考中心	驾驶考试中心
category	验车场	验车场
category	骑马场	骑马场
category	高尔夫场	高尔夫球场
category	高速服务区	服务区
category	高铁售票处	火车票代售点
category	高铁售票点	火车票代售点
category	高铁票代购点	火车票代售点
category	高铁票销售点	火车票代售点
category	高铁站	火车站
category	高铁车站	火车站
category	鲁菜	山东餐厅
category	鲁菜酒楼	山东餐厅
category	鲁菜餐厅	山东餐厅
category	鲁菜餐馆	山东餐厅
category	鲁菜饭馆	山东餐厅
category	鲁菜馆	山东餐厅
category	鲁菜馆子	山东餐厅
category	鲜花店	花店
category	麻将室	棋牌室
category	麻将馆	棋牌室
from	公司	单位
from	单位	单位
from	家	家
listen_mode	主驾收声	主驾收声
listen_mode	全车收声	全车收声
pass_by	沿途	沿途
pass_by	路经	沿途
pass_by	途经	沿途
phone_type	住宅	住宅
phone_type	办公	单位
phone_type	办公室	单位
phone_type	单位	单位
phone_type	固定	固定
phone_type	家里的	住宅
phone_type	手机	手机
place_type	公司	单位
place_type	单位	单位
place_type	家	家
play_mode	random	随机播放
play_mode	全部循环	全部循环
play_mode	单曲循环	单曲循环
play_mode	单曲播放	单曲播放
play_mode	随机播放	随机播放
play_mode	顺序循环	全部循环
play_mode	顺序播放	顺序播放
position_ref	头一个	1
position_ref	开头个	1
position_ref	第一个	1
position_ref	第七个	7
position_ref	第三个	3
position_ref	第九个	9
position_ref	第二个	2
position_ref	第五个	5
position_ref	第八个	8
position_ref	第六个	6
position_ref	第四个	4
public_contact	一按我帮您	12580
public_contact	中国电信	10000
public_contact	中国移动	10086
public_contact	中国移动综合信息服务	12580
public_contact	中国联通	10010
public_contact	匪警	110
public_contact	急救	120
public_contact	报警	110
public_contact	查号台	114
public_contact	火警	119
public_contact	电信	10000
public_contact	电信客服	10000
public_contact	移动	10086
public_contact	移动客服	10086
public_contact	移动综合信息服务	12580
public_contact	联通	10010
public_contact	联通客服	10010
ranking_condition	周围	附近
ranking_condition	周边	附近
ranking_condition	附近	附近
storage_type	IPOD	ipod
storage_type	SD	sd卡
storage_type	SD卡	sd卡
storage_type	USB	U盘
storage_type	U盘	U盘
storage_type	蓝牙音乐	蓝牙音乐
system_module	4G	4G
system_module	bluetooth	蓝牙
system_module	蓝牙	蓝牙
to	公司	单位
to	单位	单位
to	家	家
window_ref	主驾	左前
window_ref	全部	全部
window_ref	前右	右前
window_ref	前左	左前
window_ref	前排	前排
window_ref	副驾	右前
window_ref	右前	右前
window_ref	右后	右后
window_ref	后右	右后
window_ref	后左	左后
window_ref	后排	后排
window_ref	左前	左前
window_ref	左后	左后
window_ref	所有	全部
